
 RUN  v2.1.9 /home/robert_li/Desktop/projects/stz-foundry

 ❯ test/stark-fixtures.test.ts (12 tests | 1 failed) 19ms
   × D-09 CI boundary: no test/**/*.ts file references the Python toolchain > scans every test/**/*.ts file except this guard's own source 8ms
     → expected [ …(2) ] to deeply equal []

⎯⎯⎯⎯⎯⎯⎯ Failed Tests 1 ⎯⎯⎯⎯⎯⎯⎯

 FAIL  test/stark-fixtures.test.ts > D-09 CI boundary: no test/**/*.ts file references the Python toolchain > scans every test/**/*.ts file except this guard's own source
AssertionError: expected [ …(2) ] to deeply equal []

- Expected
+ Received

- Array []
+ Array [
+   "test/budget.test.ts contains marker \"stark-eval\"",
+   "test/budget.test.ts contains marker \".venv\"",
+ ]

 ❯ test/stark-fixtures.test.ts:138:23
    136|       }
    137|     }
    138|     expect(offenders).toEqual([]);
       |                       ^
    139|   });
    140| });

⎯⎯⎯⎯⎯⎯⎯⎯⎯⎯⎯⎯⎯⎯⎯⎯⎯⎯⎯⎯⎯⎯⎯⎯[1/1]⎯

 Test Files  1 failed (1)
      Tests  1 failed | 11 passed (12)
   Start at  14:51:36
   Duration  172ms (transform 35ms, setup 0ms, collect 40ms, tests 19ms, environment 0ms, prepare 32ms)

